Godot Engine v4.6.3.stable.official.7d41c59c4 - https://godotengine.org

[   0% ] [90m[1mfirst_scan_filesystem[22m | Started 專案初始化中 (5 steps)[39m[0m
[   0% ] [90m[1mfirst_scan_filesystem[22m | 正在掃描檔案結構…[39m[0m
[  16% ] [90m[1mfirst_scan_filesystem[22m | 載入全域類別名稱中…[39m[0m
[  33% ] [90m[1mfirst_scan_filesystem[22m | 正在驗證GD擴充功能...[39m[0m
[  50% ] [90m[1mfirst_scan_filesystem[22m | 正在建立自動載入腳本…[39m[0m
[  66% ] [90m[1mfirst_scan_filesystem[22m | 初始化外掛程式...[39m[0m
[  83% ] [90m[1mfirst_scan_filesystem[22m | 開始掃描檔案...[39m[0m
[92m[ DONE ][39m [1mfirst_scan_filesystem[22m
[0m
[   0% ] [90m[1m_update_scan_actions[22m | Started 掃描動作中... (10 steps)[39m[0m
[   0% ] [90m[1m_update_scan_actions[22m | self_34.png[39m[0m
[   9% ] [90m[1m_update_scan_actions[22m | self_46.png[39m[0m
[  18% ] [90m[1m_update_scan_actions[22m | self_48.png[39m[0m
[  27% ] [90m[1m_update_scan_actions[22m | comic_departure_v2.png[39m[0m
[  36% ] [90m[1m_update_scan_actions[22m | comic_home_v2.png[39m[0m
[  45% ] [90m[1m_update_scan_actions[22m | comic_pantry_v2.png[39m[0m
[  54% ] [90m[1m_update_scan_actions[22m | comic_river_v2.png[39m[0m
[  63% ] [90m[1m_update_scan_actions[22m | comic_run_v2.png[39m[0m
[  72% ] [90m[1m_update_scan_actions[22m | comic_station_v2.png[39m[0m
[  81% ] [90m[1m_update_scan_actions[22m | comic_welcome_v2.png[39m[0m
[92m[ DONE ][39m [1m_update_scan_actions[22m
[0m
[   0% ] [90m[1mreimport[22m | Started （重新）匯入素材 (10 steps)[39m[0m
[   0% ] [90m[1mreimport[22m | 正在準備重新匯入檔案…[39m[0m
[   9% ] [90m[1mreimport[22m | 正在準備重新匯入檔案…[39m[0m
[  18% ] [90m[1mreimport[22m | 正在準備重新匯入檔案…[39m[0m
[  27% ] [90m[1mreimport[22m | 正在準備重新匯入檔案…[39m[0m
[  36% ] [90m[1mreimport[22m | 正在準備重新匯入檔案…[39m[0m
[  45% ] [90m[1mreimport[22m | 正在準備重新匯入檔案…[39m[0m
[  54% ] [90m[1mreimport[22m | 正在準備重新匯入檔案…[39m[0m
[  63% ] [90m[1mreimport[22m | 正在準備重新匯入檔案…[39m[0m
[  72% ] [90m[1mreimport[22m | 正在準備重新匯入檔案…[39m[0m
[  81% ] [90m[1mreimport[22m | 正在準備重新匯入檔案…[39m[0m
[   0% ] [90m[1mreimport[22m | 執行預先重新匯入作業…[39m[0m
[   0% ] [90m[1mreimport[22m | self_34.png[39m[0m
[   9% ] [90m[1mreimport[22m | self_46.png[39m[0m
[  18% ] [90m[1mreimport[22m | self_48.png[39m[0m
[  27% ] [90m[1mreimport[22m | comic_departure_v2.png[39m[0m
[  36% ] [90m[1mreimport[22m | comic_home_v2.png[39m[0m
[  45% ] [90m[1mreimport[22m | comic_pantry_v2.png[39m[0m
[  54% ] [90m[1mreimport[22m | comic_river_v2.png[39m[0m
[  63% ] [90m[1mreimport[22m | comic_run_v2.png[39m[0m
[  72% ] [90m[1mreimport[22m | comic_station_v2.png[39m[0m
[  81% ] [90m[1mreimport[22m | comic_welcome_v2.png[39m[0m
[  90% ] [90m[1mreimport[22m | 完成素材匯入...[39m[0m
[92m[ DONE ][39m [1mreimport[22m
[0m
[   0% ] [90m[1mreimport[22m | Started （重新）匯入素材 (10 steps)[39m[0m
[   0% ] [90m[1mreimport[22m | 執行重新匯入後續處理作業…[39m[0m
[92m[ DONE ][39m [1mreimport[22m
[0m
[   0% ] [90m[1mloading_editor_layout[22m | Started 載入編輯器 (5 steps)[39m[0m
[   0% ] [90m[1mloading_editor_layout[22m | 載入編輯器版面配置中…[39m[0m
[  16% ] [90m[1mloading_editor_layout[22m | 載入停靠視窗...[39m[0m
[  33% ] [90m[1mloading_editor_layout[22m | 重新開啟場景…[39m[0m
[  50% ] [90m[1mloading_editor_layout[22m | 載入中央編輯器配置…[39m[0m
[  66% ] [90m[1mloading_editor_layout[22m | 載入外掛視窗配置中…[39m[0m
[  83% ] [90m[1mloading_editor_layout[22m | 編輯器版面已就緒。[39m[0m
[92m[ DONE ][39m [1mloading_editor_layout[22m
[0m
