Godot Engine v4.6.3.stable.official.7d41c59c4 - https://godotengine.org

[   0% ] [90m[1mfirst_scan_filesystem[22m | Started 專案初始化中 (5 steps)[39m[0m
[   0% ] [90m[1mfirst_scan_filesystem[22m | 正在掃描檔案結構…[39m[0m
[  16% ] [90m[1mfirst_scan_filesystem[22m | 載入全域類別名稱中…[39m[0m
[  33% ] [90m[1mfirst_scan_filesystem[22m | 正在驗證GD擴充功能...[39m[0m
[  50% ] [90m[1mfirst_scan_filesystem[22m | 正在建立自動載入腳本…[39m[0m
[  66% ] [90m[1mfirst_scan_filesystem[22m | 初始化外掛程式...[39m[0m
[  83% ] [90m[1mfirst_scan_filesystem[22m | 開始掃描檔案...[39m[0m
[92m[ DONE ][39m [1mfirst_scan_filesystem[22m
[0m
[   0% ] [90m[1mupdate_scripts_classes[22m | Started 註冊全域類別中... (24 steps)[39m[0m
[   0% ] [90m[1mupdate_scripts_classes[22m | [39m[0m
[   4% ] [90m[1mupdate_scripts_classes[22m | [39m[0m
[   8% ] [90m[1mupdate_scripts_classes[22m | [39m[0m
[  12% ] [90m[1mupdate_scripts_classes[22m | EveningSave[39m[0m
[  16% ] [90m[1mupdate_scripts_classes[22m | EveningSound[39m[0m
[  20% ] [90m[1mupdate_scripts_classes[22m | [39m[0m
[  24% ] [90m[1mupdate_scripts_classes[22m | [39m[0m
[  28% ] [90m[1mupdate_scripts_classes[22m | [39m[0m
[  32% ] [90m[1mupdate_scripts_classes[22m | [39m[0m
[  36% ] [90m[1mupdate_scripts_classes[22m | PhoneScreen[39m[0m
[  40% ] [90m[1mupdate_scripts_classes[22m | [39m[0m
[  44% ] [90m[1mupdate_scripts_classes[22m | Opening[39m[0m
[  48% ] [90m[1mupdate_scripts_classes[22m | Cond[39m[0m
[  52% ] [90m[1mupdate_scripts_classes[22m | Effects[39m[0m
[  56% ] [90m[1mupdate_scripts_classes[22m | Selector[39m[0m
[  60% ] [90m[1mupdate_scripts_classes[22m | SocialPanel[39m[0m
[  64% ] [90m[1mupdate_scripts_classes[22m | [39m[0m
[  68% ] [90m[1mupdate_scripts_classes[22m | [39m[0m
[  72% ] [90m[1mupdate_scripts_classes[22m | Palette[39m[0m
[  76% ] [90m[1mupdate_scripts_classes[22m | [39m[0m
[  80% ] [90m[1mupdate_scripts_classes[22m | [39m[0m
[  84% ] [90m[1mupdate_scripts_classes[22m | UI[39m[0m
[  88% ] [90m[1mupdate_scripts_classes[22m | [39m[0m
[  92% ] [90m[1mupdate_scripts_classes[22m | [39m[0m
[92m[ DONE ][39m [1mupdate_scripts_classes[22m
[0m
[   0% ] [90m[1m_update_scan_actions[22m | Started 掃描動作中... (89 steps)[39m[0m
[   0% ] [90m[1m_update_scan_actions[22m | ann_34.png[39m[0m
[   1% ] [90m[1m_update_scan_actions[22m | ann_46.png[39m[0m
[   2% ] [90m[1m_update_scan_actions[22m | ann_48.png[39m[0m
[   3% ] [90m[1m_update_scan_actions[22m | jason_34.png[39m[0m
[   4% ] [90m[1m_update_scan_actions[22m | jason_46.png[39m[0m
[   5% ] [90m[1m_update_scan_actions[22m | jason_48.png[39m[0m
[   6% ] [90m[1m_update_scan_actions[22m | kevin_34.png[39m[0m
[   7% ] [90m[1m_update_scan_actions[22m | kevin_46.png[39m[0m
[   8% ] [90m[1m_update_scan_actions[22m | kevin_48.png[39m[0m
[  10% ] [90m[1m_update_scan_actions[22m | laowu_34.png[39m[0m
[  11% ] [90m[1m_update_scan_actions[22m | laowu_46.png[39m[0m
[  12% ] [90m[1m_update_scan_actions[22m | laowu_48.png[39m[0m
[  13% ] [90m[1m_update_scan_actions[22m | laozhou_34.png[39m[0m
[  14% ] [90m[1m_update_scan_actions[22m | laozhou_46.png[39m[0m
[  15% ] [90m[1m_update_scan_actions[22m | laozhou_48.png[39m[0m
[  16% ] [90m[1m_update_scan_actions[22m | ray_34.png[39m[0m
[  17% ] [90m[1m_update_scan_actions[22m | ray_46.png[39m[0m
[  18% ] [90m[1m_update_scan_actions[22m | ray_48.png[39m[0m
[  20% ] [90m[1m_update_scan_actions[22m | self_34.png[39m[0m
[  21% ] [90m[1m_update_scan_actions[22m | self_46.png[39m[0m
[  22% ] [90m[1m_update_scan_actions[22m | self_48.png[39m[0m
[  23% ] [90m[1m_update_scan_actions[22m | yijun_34.png[39m[0m
[  24% ] [90m[1m_update_scan_actions[22m | yijun_46.png[39m[0m
[  25% ] [90m[1m_update_scan_actions[22m | yijun_48.png[39m[0m
[  26% ] [90m[1m_update_scan_actions[22m | apartment.png[39m[0m
[  27% ] [90m[1m_update_scan_actions[22m | embankment.png[39m[0m
[  28% ] [90m[1m_update_scan_actions[22m | main_room.png[39m[0m
[  30% ] [90m[1m_update_scan_actions[22m | office.png[39m[0m
[  31% ] [90m[1m_update_scan_actions[22m | pantry.png[39m[0m
[  32% ] [90m[1m_update_scan_actions[22m | store.png[39m[0m
[  33% ] [90m[1m_update_scan_actions[22m | xinyi.png[39m[0m
[  34% ] [90m[1m_update_scan_actions[22m | ann.png[39m[0m
[  35% ] [90m[1m_update_scan_actions[22m | jason.png[39m[0m
[  36% ] [90m[1m_update_scan_actions[22m | jason_office.png[39m[0m
[  37% ] [90m[1m_update_scan_actions[22m | kevin.png[39m[0m
[  38% ] [90m[1m_update_scan_actions[22m | laowu.png[39m[0m
[  40% ] [90m[1m_update_scan_actions[22m | laozhou.png[39m[0m
[  41% ] [90m[1m_update_scan_actions[22m | ray.png[39m[0m
[  42% ] [90m[1m_update_scan_actions[22m | yijun_embankment.png[39m[0m
[  43% ] [90m[1m_update_scan_actions[22m | yijun_xinyi.png[39m[0m
[  44% ] [90m[1m_update_scan_actions[22m | bed.svg[39m[0m
[  45% ] [90m[1m_update_scan_actions[22m | bell.svg[39m[0m
[  46% ] [90m[1m_update_scan_actions[22m | check2.svg[39m[0m
[  47% ] [90m[1m_update_scan_actions[22m | chevron_left.svg[39m[0m
[  48% ] [90m[1m_update_scan_actions[22m | chevron_right.svg[39m[0m
[  50% ] [90m[1m_update_scan_actions[22m | exit.svg[39m[0m
[  51% ] [90m[1m_update_scan_actions[22m | eye.svg[39m[0m
[  52% ] [90m[1m_update_scan_actions[22m | folder.svg[39m[0m
[  53% ] [90m[1m_update_scan_actions[22m | gear.svg[39m[0m
[  54% ] [90m[1m_update_scan_actions[22m | hand-pointer.svg[39m[0m
[  55% ] [90m[1m_update_scan_actions[22m | headphones.svg[39m[0m
[  56% ] [90m[1m_update_scan_actions[22m | list.svg[39m[0m
[  57% ] [90m[1m_update_scan_actions[22m | message.svg[39m[0m
[  58% ] [90m[1m_update_scan_actions[22m | monitor.svg[39m[0m
[  60% ] [90m[1m_update_scan_actions[22m | phone.svg[39m[0m
[  61% ] [90m[1m_update_scan_actions[22m | power.svg[39m[0m
[  62% ] [90m[1m_update_scan_actions[22m | reels.svg[39m[0m
[  63% ] [90m[1m_update_scan_actions[22m | run.svg[39m[0m
[  64% ] [90m[1m_update_scan_actions[22m | save.svg[39m[0m
[  65% ] [90m[1m_update_scan_actions[22m | send.svg[39m[0m
[  66% ] [90m[1m_update_scan_actions[22m | trophy.svg[39m[0m
[  67% ] [90m[1m_update_scan_actions[22m | user.svg[39m[0m
[  68% ] [90m[1m_update_scan_actions[22m | vibrate.svg[39m[0m
[  70% ] [90m[1m_update_scan_actions[22m | group_feed.png[39m[0m
[  71% ] [90m[1m_update_scan_actions[22m | photo_pair.png[39m[0m
[  72% ] [90m[1m_update_scan_actions[22m | store_together.png[39m[0m
[  73% ] [90m[1m_update_scan_actions[22m | card_01_phone.png[39m[0m
[  74% ] [90m[1m_update_scan_actions[22m | card_02_watch.png[39m[0m
[  75% ] [90m[1m_update_scan_actions[22m | card_04_story.png[39m[0m
[  76% ] [90m[1m_update_scan_actions[22m | card_05_pantry.png[39m[0m
[  77% ] [90m[1m_update_scan_actions[22m | card_06_unmatch.png[39m[0m
[  78% ] [90m[1m_update_scan_actions[22m | card_08_exit2.png[39m[0m
[  80% ] [90m[1m_update_scan_actions[22m | card_09_ray.png[39m[0m
[  81% ] [90m[1m_update_scan_actions[22m | card_10_redlight.png[39m[0m
[  82% ] [90m[1m_update_scan_actions[22m | card_11_speakers.png[39m[0m
[  83% ] [90m[1m_update_scan_actions[22m | card_13_light.png[39m[0m
[  84% ] [90m[1m_update_scan_actions[22m | card_xinyi_night.png[39m[0m
[  85% ] [90m[1m_update_scan_actions[22m | default_choice_card.png[39m[0m
[  86% ] [90m[1m_update_scan_actions[22m | story_thumb.png[39m[0m
[  87% ] [90m[1m_update_scan_actions[22m | swipe_icon_quiet_cyan.png[39m[0m
[  88% ] [90m[1m_update_scan_actions[22m | swipe_icon_social_warm.png[39m[0m
[  90% ] [90m[1m_update_scan_actions[22m | title_bg.png[39m[0m
[  91% ] [90m[1m_update_scan_actions[22m | title_bg_clean.png[39m[0m
[  92% ] [90m[1m_update_scan_actions[22m | NotoSansTC.ttf[39m[0m
[  93% ] [90m[1m_update_scan_actions[22m | NotoSerifTC.ttf[39m[0m
[  94% ] [90m[1m_update_scan_actions[22m | Saira.ttf[39m[0m
[  95% ] [90m[1m_update_scan_actions[22m | SairaStencilOne-Regular.ttf[39m[0m
[  96% ] [90m[1m_update_scan_actions[22m | _preview.png[39m[0m
[  97% ] [90m[1m_update_scan_actions[22m | icon.svg[39m[0m
[92m[ DONE ][39m [1m_update_scan_actions[22m
[0m
[   0% ] [90m[1mreimport[22m | Started （重新）匯入素材 (2 steps)[39m[0m
[   0% ] [90m[1mreimport[22m | 正在準備重新匯入檔案…[39m[0m
[  33% ] [90m[1mreimport[22m | 正在準備重新匯入檔案…[39m[0m
[   0% ] [90m[1mreimport[22m | 執行預先重新匯入作業…[39m[0m
[   0% ] [90m[1mreimport[22m | hand-pointer.svg[39m[0m
[  33% ] [90m[1mreimport[22m | _preview.png[39m[0m
[  66% ] [90m[1mreimport[22m | 完成素材匯入...[39m[0m
[92m[ DONE ][39m [1mreimport[22m
[0m
[   0% ] [90m[1mreimport[22m | Started （重新）匯入素材 (2 steps)[39m[0m
[   0% ] [90m[1mreimport[22m | 執行重新匯入後續處理作業…[39m[0m
[92m[ DONE ][39m [1mreimport[22m
[0m
[   0% ] [90m[1mloading_editor_layout[22m | Started 載入編輯器 (5 steps)[39m[0m
[   0% ] [90m[1mloading_editor_layout[22m | 載入編輯器版面配置中…[39m[0m
[  16% ] [90m[1mloading_editor_layout[22m | 載入停靠視窗...[39m[0m
[  33% ] [90m[1mloading_editor_layout[22m | 重新開啟場景…[39m[0m
[  50% ] [90m[1mloading_editor_layout[22m | 載入中央編輯器配置…[39m[0m
[  66% ] [90m[1mloading_editor_layout[22m | 載入外掛視窗配置中…[39m[0m
[  83% ] [90m[1mloading_editor_layout[22m | 編輯器版面已就緒。[39m[0m
[92m[ DONE ][39m [1mloading_editor_layout[22m
[0m
